
> together-live-poll@1.0.0 test
> node --test tests/*.test.js

▶ 完整流程、100 人并发、持久恢复、安全与活动隔离
  ✔ 未授权控制和跨站请求被拒绝 (28.1615ms)
  ✔ 登录、题库校验与持久保存、创建两个活动 (42.2424ms)
  ✔ 100 个独立匿名身份加入、二维码实际编码链接 (1060.4817ms)
  ✔ 开始后 100 人并发提交、接口隐藏分布 (777.3623ms)
  ✔ 重复和并发改选不重复计票；已开放题锁定 (168.2792ms)
  ✔ 结束与提交竞争由事务串行处理、25% 并列第一、关闭后拒绝 (16.7515ms)
  ✔ 确认重新投票产生新轮次、旧轮拒绝、历史保留 (30.6048ms)
  ✔ 下一题同步、身份刷新恢复、4/3/2/1 示例百分比、零票百分比 (220.3654ms)
  ✔ 真实服务进程重启恢复活动、题库、投票和匿名选择 (277.0055ms)
  ✔ 结束活动及结束后拒绝控制和投票 (16.1137ms)
Test DB (temporary): C:\Users\35317\AppData\Local\Temp\live-poll-test-10zPZM
  ✔ 非整除百分比合计 100、限流实际生效 (343.8334ms)
✔ 完整流程、100 人并发、持久恢复、安全与活动隔离 (3327.9456ms)
ℹ tests 12
ℹ suites 0
ℹ pass 12
ℹ fail 0
ℹ cancelled 0
ℹ skipped 0
ℹ todo 0
ℹ duration_ms 3511.5659
